{"id":"324","result":{"contents":[{"right":{"language":"","value":"**Description**\r\n```\r\nPrints an any value to the STDOUT in a new line\r\n\r\n```\r\n**Param**\r\n```\r\na: any value to be printed\r\n\r\n```\r\n"}}]},"jsonrpc":"2.0"}