{"id":"324","result":{"contents":[{"right":{"language":"","value":"**Description**\r\n\r\nTest function to show current package works\r\n\r\n**Param**\r\n- s:string parameter\r\n- sd:int parameter\r\n\r\n**Return**\r\n- return an int\r\n\r\n"}}]},"jsonrpc":"2.0"}